---
title: gc日志
date: 2018-06-22 19:27:35
tags: 
- jvm 
- gc 
- cms 
- g1
---
# cms日志
```json
Java HotSpot(TM) 64-Bit Server VM (25.144-b01) for linux-amd64 JRE (1.8.0_144-b01), built on Jul 21 2017 21:57:33 by "java_re" with gcc 4.3.0 20080428 (Red Hat 4.3.0-8)
Memory: 4k page, physical 16267972k(10586624k free), swap 0k(0k free)
CommandLine flags: -XX:+CMSClassUnloadingEnabled -XX:CMSInitiatingOccupancyFraction=80 -XX:CMSMaxAbortablePrecleanTime=5000 -XX:+ExplicitGCInvokesConcurrent -XX:InitialHeapSize=8589934592 -XX:MaxDirectMemorySize=4294967296 -XX:MaxHeapSize=8589934592 -XX:MaxNewSize=6442450944 -XX:NewSize=6442450944 -XX:OldPLABSize=16 -XX:ParallelGCThreads=4 -XX:+PrintGC -XX:+PrintGCDateStamps -XX:+PrintGCDetails -XX:+PrintGCTimeStamps -XX:SurvivorRatio=4 -XX:+UseCMSCompactAtFullCollection -XX:+UseCMSInitiatingOccupancyOnly -XX:+UseCompressedClassPointers -XX:+UseCompressedOops -XX:+UseConcMarkSweepGC -XX:+UseParNewGC
2018-04-20T11:46:13.813+0800: 11.047: [GC (CMS Initial Mark) [1 CMS-initial-mark: 0K(2097152K)] 4026647K(7340032K), 0.3194156 secs] [Times: user=1.22 sys=0.00, real=0.32 secs]
2018-04-20T11:46:14.133+0800: 11.367: [CMS-concurrent-mark-start]
2018-04-20T11:46:14.148+0800: 11.383: [CMS-concurrent-mark: 0.015/0.015 secs] [Times: user=0.04 sys=0.01, real=0.02 secs]
2018-04-20T11:46:14.148+0800: 11.383: [CMS-concurrent-preclean-start]
2018-04-20T11:46:14.153+0800: 11.387: [CMS-concurrent-preclean: 0.005/0.005 secs] [Times: user=0.01 sys=0.00, real=0.00 secs]
2018-04-20T11:46:14.153+0800: 11.387: [CMS-concurrent-abortable-preclean-start]
2018-04-20T11:46:14.821+0800: 12.055: [GC (Allocation Failure) 2018-04-20T11:46:14.821+0800: 12.055: [ParNew2018-04-20T11:46:14.920+0800: 12.155: [CMS-concurrent-abortable-preclean: 0.045/0.767 secs] [Times: user=2.30 sys=0.19, real=0.77 secs]
: 4194304K->230151K(5242880K), 0.2575014 secs] 4194304K->230151K(7340032K), 0.2576311 secs] [Times: user=0.56 sys=0.09, real=0.26 secs]
2018-04-20T11:46:15.083+0800: 12.317: [GC (CMS Final Remark) [YG occupancy: 307323 K (5242880 K)]2018-04-20T11:46:15.083+0800: 12.317: [Rescan (parallel) , 0.0389448 secs]2018-04-20T11:46:15.122+0800: 12.356: [weak refs processing, 0.0000632 secs]2018-04-20T11:46:15.122+0800: 12.356: [class unloading, 0.006x7484 secs]2018-04-20T11:46:15.129+0800: 12.363: [scrub symbol table, 0.0040424 secs]2018-04-20T11:46:15.133+0800: 12.367: [scrub string table, 0.0010050 secs][1 CMS-remark: 0K(2097152K)] 307323K(7340032K), 0.0533113 secs] [Times: user=0.17 sys=0.00, real=0.06 secs]
2018-04-20T11:46:15.138+0800: 12.373: [CMS-concurrent-sweep-start]
2018-04-20T11:46:15.138+0800: 12.373: [CMS-concurrent-sweep: 0.000/0.000 secs] [Times: user=0.00 sys=0.00, real=0.00 secs]
2018-04-20T11:46:15.139+0800: 12.373: [CMS-concurrent-reset-start]
2018-04-20T11:46:15.165+0800: 12.399: [CMS-concurrent-reset: 0.026/0.026 secs] [Times: user=0.09 sys=0.01, real=0.02 secs]
2018-04-20T11:46:21.164+0800: 18.398: [GC (CMS Initial Mark) [1 CMS-initial-mark: 0K(2097152K)] 1634363K(7340032K), 0.1580398 secs] [Times: user=0.58 sys=0.00, real=0.16 secs]
2018-04-20T11:46:21.322+0800: 18.556: [CMS-concurrent-mark-start]
2018-04-20T11:46:21.336+0800: 18.570: [CMS-concurrent-mark: 0.014/0.014 secs] [Times: user=0.06 sys=0.01, real=0.02 secs]
2018-04-20T11:46:21.336+0800: 18.570: [CMS-concurrent-preclean-start]
2018-04-20T11:46:21.340+0800: 18.575: [CMS-concurrent-preclean: 0.004/0.004 secs] [Times: user=0.01 sys=0.00, real=0.00 secs]
2018-04-20T11:46:21.340+0800: 18.575: [CMS-concurrent-abortable-preclean-start]
 CMS: abort preclean due to time 2018-04-20T11:46:27.839+0800: 25.074: [CMS-concurrent-abortable-preclean: 3.466/6.499 secs] [Times: user=11.14 sys=0.49, real=6.50 secs]
2018-04-20T11:46:27.840+0800: 25.074: [GC (CMS Final Remark) [YG occupancy: 2592449 K (5242 880 K)]2018-04-20T11:46:27.840+0800: 25.074: [Rescan (parallel) , 0.2342461 secs]2018-04-20T11:46:28.075+0800: 25.309: [weak refs processing, 0.0000638 secs]2018-04-20T11:46:28.075+0800: 25.309: [class unloading, 0.0320557 secs]2018-04-20T11:46:28.107+0800: 25.341: [scrub symbol table, 0.0148681 secs]2018-04-20T11:46:28.122+0800: 25.356: [scrub string table, 0.0012307 secs][1 CMS-remark: 0K(2097152K)] 2592449K(7340032K), 0.2855866 secs] [Times: user=0.98 sys=0.00, real=0.29 secs]
2018-04-20T11:46:28.126+0800: 25.361: [CMS-concurrent-sweep-start]
2018-04-20T11:46:28.126+0800: 25.361: [CMS-concurrent-sweep: 0.000/0.000 secs] [Times: user=0.00 sys=0.00, real=0.00 secs]
2018-04-20T11:46:28.126+0800: 25.361: [CMS-concurrent-reset-start]
2018-04-20T11:46:28.132+0800: 25.366: [CMS-concurrent-reset: 0.006/0.006 secs] [Times: user=0.02 sys=0.00, real=0.00 secs]
2018-04-20T11:46:29.673+0800: 26.907: [GC (Allocation Failure) 2018-04-20T11:46:29.673+0800: 26.907: [ParNew: 4424455K->95501K(5242880K), 0.0955376 secs] 4424455K->95501K(7340032K), 0.0958195 secs] [Times: user=0.33 sys=0.02, real=0.10 secs]
2018-04-20T11:46:45.681+0800: 42.916: [GC (Allocation Failure) 2018-04-20T11:46:45.682+0800: 42.916: [ParNew: 4289805K->334312K(5242880K), 0.3341831 secs] 4289805K->334312K(7340032K), 0.3345331 secs] [Times: user=1.20 sys=0.02, real=0.34 secs]
2018-04-20T11:46:57.273+0800: 54.507: [GC (Allocation Failure) 2018-04-20T11:46:57.273+0800: 54.507: [ParNew: 4528616K->763513K(5242880K), 0.4724544 secs] 4528616K->763513K(7340032K), 0.4727736 secs] [Times: user=1.67 sys=0.15, real=0.48 secs]
2018-04-20T11:47:06.857+0800: 64.091: [GC (Allocation Failure) 2018-04-20T11:47:06.857+0800: 64.092: [ParNew: 4957817K->992350K(5242880K), 1.1717345 secs] 4957817K->1166896K(7340032K), 1.1720902 secs] [Times: user=3.62 sys=0.26, real=1.17 secs]
2018-04-20T11:47:16.820+0800: 74.054: [GC (Allocation Failure) 2018-04-20T11:47:16.820+0800: 74.054: [ParNew: 5186654K->713746K(5242880K), 0.6277602 secs] 5361200K->1253994K(7340032K), 0.6281052 secs] [Times: user=1.86 sys=0.13, real=0.63 secs]
2018-04-20T11:48:21.905+0800: 139.140: [GC (Allocation Failure) 2018-04-20T11:48:21.906+0800: 139.140: [ParNew: 4908050K->473629K(5242880K), 0.2062905 secs] 5448298K->1013877K(7340032K), 0.2065859 secs] [Times: user=0.76 sys=0.00, real=0.21 secs]
2018-04-20T11:49:00.803+0800: 178.037: [GC (Allocation Failure) 2018-04-20T11:49:00.803+0800: 178.038: [ParNew: 4667933K->577831K(5242880K), 0.1782487 secs] 5208181K->1118079K(7340032K), 0.1785130 secs] [Times: user=0.65 sys=0.00, real=0.18 secs]
2018-04-20T11:49:36.483+0800: 213.717: [GC (Allocation Failure) 2018-04-20T11:49:36.483+0800: 213.717: [ParNew: 4772135K->433328K(5242880K), 0.2522834 secs] 5312383K->973576K(7340032K), 0.2525947 secs] [Times: user=0.94 sys=0.00, real=0.26 secs]
2018-04-20T11:49:56.755+0800: 233.989: [GC (Allocation Failure) 2018-04-20T11:49:56.755+0800: 233.989: [ParNew: 4627632K->647699K(5242880K), 0.3424999 secs] 5167880K->1187947K(7340032K), 0.3427895 secs] [Times: user=1.33 sys=0.00, real=0.35 secs]
2018-04-20T11:50:18.523+0800: 255.757: [GC (Allocation Failure) 2018-04-20T11:50:18.523+0800: 255.757: [ParNew: 4842003K->499079K(5242880K), 0.3887097 secs] 5382251K->1220577K(7340032K), 0.3889992 secs] [Times: user=1.28 sys=0.04, real=0.39 secs]
2018-04-20T11:50:40.788+0800: 278.022: [GC (Allocation Failure) 2018-04-20T11:50:40.788+0800: 278.023: [ParNew: 4693383K->339941K(5242880K), 0.1582435 secs] 5414881K->1061438K(7340032K), 0.1585558 secs] [Times: user=0.59 sys=0.00, real=0.16 secs]
2018-04-20T11:51:07.026+0800: 304.261: [GC (Allocation Failure) 2018-04-20T11:51:07.027+0800: 304.261: [ParNew: 4534245K->354608K(5242880K), 0.1696784 secs] 5255742K->1076106K(7340032K), 0.1700035 secs] [Times: user=0.62 sys=0.00, real=0.17 secs]
2018-04-20T11:51:31.591+0800: 328.825: [GC (Allocation Failure) 2018-04-20T11:51:31.591+0800: 328.825: [ParNew: 4548912K->472777K(5242880K), 0.2550491 secs] 5270410K->1194274K(7340032K), 0.2553692 secs] [Times: user=0.96 sys=0.00, real=0.26 secs]
2018-04-20T11:51:51.644+0800: 348.878: [GC (Allocation Failure) 2018-04-20T11:51:51.644+0800: 348.878: [ParNew: 4667077K->511284K(5242880K), 0.2099286 secs] 5388575K->1232782K(7340032K), 0.2102244 secs] [Times: user=0.80 sys=0.00, real=0.21 secs]
2018-04-20T11:52:11.827+0800: 369.061: [GC (Allocation Failure) 2018-04-20T11:52:11.827+0800: 369.061: [ParNew: 4705588K->307640K(5242880K), 0.1440360 secs] 5427086K->1029138K(7340032K), 0.1444270 secs] [Times: user=0.53 sys=0.00, real=0.14 secs]
2018-04-20T11:52:45.478+0800: 402.712: [GC (Allocation Failure) 2018-04-20T11:52:45.478+0800: 402.712: [ParNew: 4486853K->464714K(5242880K), 0.1894980 secs] 5208350K->1186211K(7340032K), 0.1898052 secs] [Times: user=0.71 sys=0.00, real=0.19 secs]
2018-04-20T11:53:24.204+0800: 441.438: [GC (Allocation Failure) 2018-04-20T11:53:24.204+0800: 441.438: [ParNew: 4659018K->365904K(5242880K), 0.2029681 secs] 5380515K->1087401K(7340032K), 0.2032725 secs] [Times: user=0.76 sys=0.00, real=0.21 secs]
2018-04-20T11:53:44.973+0800: 462.208: [GC (Allocation Failure) 2018-04-20T11:53:44.974+0800: 462.208: [ParNew: 4556252K->511573K(5242880K), 0.2000250 secs] 5277750K->1233071K(7340032K), 0.2004075 secs] [Times: user=0.75 sys=0.00, real=0.20 secs]
2018-04-20T11:54:11.218+0800: 488.453: [GC (Allocation Failure) 2018-04-20T11:54:11.218+0800: 488.453: [ParNew: 4705877K->373812K(5242880K), 0.1882659 secs] 5427375K->1095310K(7340032K), 0.1886290 secs] [Times: user=0.70 sys=0.00, real=0.19 secs]
2018-04-20T11:54:30.545+0800: 507.779: [GC (Allocation Failure) 2018-04-20T11:54:30.545+0800: 507.779: [ParNew: 4568116K->266026K(5242880K), 0.1787362 secs] 5289614K->987524K(7340032K), 0.2710607 secs] [Times: user=0.67 sys=0.00, real=0.28 secs]
2018-04-20T11:54:49.518+0800: 526.753: [GC (Allocation Failure) 2018-04-20T11:54:49.519+0800: 526.753: [ParNew: 4460330K->257002K(5242880K), 0.2179161 secs] 5181828K->1081690K(7340032K), 0.2182131 secs] [Times: user=0.63 sys=0.03, real=0.22 secs]
2018-04-20T11:55:11.551+0800: 548.785: [GC (Allocation Failure) 2018-04-20T11:55:11.551+0800: 548.785: [ParNew: 4451306K->233474K(5242880K), 0.1674997 secs] 5275994K->1066291K(7340032K), 0.1678486 secs] [Times: user=0.61 sys=0.00, real=0.17 secs]
2018-04-20T11:55:30.567+0800: 567.801: [GC (Allocation Failure) 2018-04-20T11:55:30.567+0800: 567.801: [ParNew: 4427778K->155615K(5242880K), 0.0649336 secs] 5260595K->988892K(7340032K), 0.0652480 secs] [Times: user=0.23 sys=0.01, real=0.06 secs]
2018-04-20T11:55:48.236+0800: 585.471: [GC (Allocation Failure) 2018-04-20T11:55:48.236+0800: 585.471: [ParNew: 4349919K->173862K(5242880K), 0.1152466 secs] 5183196K->1007372K(7340032K), 0.1155458 secs] [Times: user=0.41 sys=0.00, real=0.11 secs]
2018-04-20T11:56:10.180+0800: 607.414: [GC (Allocation Failure) 2018-04-20T11:56:10.180+0800: 607.414: [ParNew: 4368166K->123219K(5242880K), 0.0642398 secs] 5201676K->956894K(7340032K), 0.0645497 secs] [Times: user=0.21 sys=0.00, real=0.06 secs]
2018-04-20T11:56:30.120+0800: 627.355: [GC (Allocation Failure) 2018-04-20T11:56:30.121+0800: 627.355: [ParNew: 4317523K->194689K(5242880K), 0.1330350 secs] 5151198K->1028641K(7340032K), 0.1333297 secs] [Times: user=0.49 sys=0.00, real=0.13 secs]
2018-04-20T11:56:51.964+0800: 649.198: [GC (Allocation Failure) 2018-04-20T11:56:51.964+0800: 649.198: [ParNew: 4388993K->282425K(5242880K), 0.1498633 secs] 5222945K->1116967K(7340032K), 0.1501500 secs] [Times: user=0.55 sys=0.00, real=0.15 secs]
2018-04-20T11:57:08.528+0800: 665.763: [GC (Allocation Failure) 2018-04-20T11:57:08.528+0800: 665.763: [ParNew: 4476410K->350393K(5242880K), 0.1717056 secs] 5310952K->1185026K(7340032K), 0.1720130 secs] [Times: user=0.64 sys=0.00, real=0.17 secs]
2018-04-20T11:57:30.504+0800: 687.738: [GC (Allocation Failure) 2018-04-20T11:57:30.504+0800: 687.738: [ParNew: 4544697K->430322K(5242880K), 0.1998950 secs] 5379330K->1265173K(7340032K), 0.2002158 secs] [Times: user=0.75 sys=0.00, real=0.20 secs]
2018-04-20T11:57:46.746+0800: 703.980: [GC (Allocation Failure) 2018-04-20T11:57:46.746+0800: 703.980: [ParNew: 4624626K->249910K(5242880K), 0.0491936 secs] 5459477K->1084966K(7340032K), 0.0494464 secs] [Times: user=0.16 sys=0.00, real=0.05 secs]
2018-04-20T11:58:00.804+0800: 718.038: [GC (CMS Initial Mark) [1 CMS-initial-mark: 835055K(2097152K)] 3599018K(7340032K), 0.5493085 secs] [Times: user=2.02 sys=0.01, real=0.55 secs]
2018-04-20T11:58:01.354+0800: 718.589: [CMS-concurrent-mark-start]
2018-04-20T11:58:01.502+0800: 718.737: [CMS-concurrent-mark: 0.143/0.148 secs] [Times: user=0.45 sys=0.00, real=0.15 secs]
2018-04-20T11:58:01.503+0800: 718.737: [CMS-concurrent-preclean-start]
2018-04-20T11:58:01.535+0800: 718.769: [CMS-concurrent-preclean: 0.029/0.033 secs] [Times: user=0.10 sys=0.01, real=0.03 secs]
2018-04-20T11:58:01.535+0800: 718.770: [CMS-concurrent-abortable-preclean-start]
 CMS: abort preclean due to time 2018-04-20T11:58:06.747+0800: 723.981: [CMS-concurrent-abortable-preclean: 5.073/5.212 secs] [Times: user=10.77 sys=0.21, real=5.21 secs]
2018-04-20T11:58:06.749+0800: 723.983: [GC (CMS Final Remark) [YG occupancy: 3696431 K (5242880 K)]2018-04-20T11:58:06.749+0800: 723.983: [Rescan (parallel) , 0.8348047 secs]2018-04-20T11:58:07.584+0800: 724.818: [weak refs processing, 0.0016546 secs]2018-04-20T11:58:07.585+0800: 724.819: [class unloading, 0.1086287 secs]2018-04-20T11:58:07.694+0800: 724.928: [scrub symbol table, 0.0188132 secs]2018-04-20T11:58:07.713+0800: 724.947: [scrub string table, 0.0024868 secs][1 CMS-remark: 835055K(2097152K)] 4531486K(7340032K), 0.9720414 secs] [Times: user=3.45 sys=0.00, real=0.97 secs]
2018-04-20T11:58:07.723+0800: 724.957: [CMS-concurrent-sweep-start]
2018-04-20T11:58:08.441+0800: 725.675: [CMS-concurrent-sweep: 0.697/0.718 secs] [Times: user=1.58 sys=0.04, real=0.72 secs]
2018-04-20T11:58:08.441+0800: 725.675: [CMS-concurrent-reset-start]
2018-04-20T11:58:08.446+0800: 725.680: [CMS-concurrent-reset: 0.005/0.005 secs] [Times: user=0.01 sys=0.00, real=0.01 secs]
2018-04-20T11:58:12.139+0800: 729.373: [GC (Allocation Failure) 2018-04-20T11:58:12.139+0800: 729.373: [ParNew: 4444214K->91329K(5242880K), 0.0578419 secs] 4557277K->204629K(7340032K), 0.0581650 secs] [Times: user=0.19 sys=0.01, real=0.06 secs]
2018-04-20T11:58:38.233+0800: 755.468: [GC (Allocation Failure) 2018-04-20T11:58:38.234+0800: 755.468: [ParNew: 4285633K->193590K(5242880K), 0.1152466 secs] 4398933K->307110K(7340032K), 0.1155445 secs] [Times: user=0.43 sys=0.00, real=0.12 secs]
2018-04-20T11:59:06.639+0800: 783.874: [GC (Allocation Failure) 2018-04-20T11:59:06.640+0800: 783.874: [ParNew: 4387874K->268317K(5242880K), 0.1394503 secs] 4501395K->382098K(7340032K), 0.1397304 secs] [Times: user=0.50 sys=0.00, real=0.14 secs]
2018-04-20T11:59:30.867+0800: 808.101: [GC (Allocation Failure) 2018-04-20T11:59:30.867+0800: 808.101: [ParNew: 4462621K->169461K(5242880K), 0.0464484 secs] 4576402K->283628K(7340032K), 0.0467580 secs] [Times: user=0.14 sys=0.00, real=0.04 secs]
2018-04-20T11:59:52.658+0800: 829.893: [GC (Allocation Failure) 2018-04-20T11:59:52.659+0800: 829.893: [ParNew: 4363765K->111248K(5242880K), 0.0751003 secs] 4477932K->225704K(7340032K), 0.0753729 secs] [Times: user=0.27 sys=0.00, real=0.07 secs]
2018-04-20T12:00:21.024+0800: 858.258: [GC (Allocation Failure) 2018-04-20T12:00:21.024+0800: 858.258: [ParNew: 4305552K->84508K(5242880K), 0.0344598 secs] 4420008K->199236K(7340032K), 0.0347951 secs] [Times: user=0.10 sys=0.00, real=0.04 secs]
2018-04-20T12:00:50.470+0800: 887.705: [GC (Allocation Failure) 2018-04-20T12:00:50.470+0800: 887.705: [ParNew: 4278812K->77101K(5242880K), 0.0622571 secs] 4393540K->192262K(7340032K), 0.0625532 secs] [Times: user=0.20 sys=0.00, real=0.06 secs]
2018-04-20T12:01:17.705+0800: 914.940: [GC (Allocation Failure) 2018-04-20T12:01:17.706+0800: 914.940: [ParNew: 4271405K->53938K(5242880K), 0.0493168 secs] 4386566K->169128K(7340032K), 0.0495937 secs] [Times: user=0.14 sys=0.00, real=0.04 secs]
2018-04-20T12:01:58.579+0800: 955.813: [GC (Allocation Failure) 2018-04-20T12:01:58.579+0800: 955.813: [ParNew: 4248242K->208438K(5242880K), 0.1504971 secs] 4363432K->323755K(7340032K), 0.1507856 secs] [Times: user=0.55 sys=0.01, real=0.15 secs]
2018-04-20T12:02:39.254+0800: 996.489: [GC (Allocation Failure) 2018-04-20T12:02:39.255+0800: 996.489: [ParNew: 4402742K->150687K(5242880K), 0.1322513 secs] 4518059K->266249K(7340032K), 0.1325727 secs] [Times: user=0.49 sys=0.00, real=0.14 secs]
2018-04-20T12:03:10.466+0800: 1027.701: [GC (Allocation Failure) 2018-04-20T12:03:10.467+0800: 1027.701: [ParNew: 4343556K->271327K(5242880K), 0.1542224 secs] 4459117K->387115K(7340032K), 0.1545870 secs] [Times: user=0.58 sys=0.00, real=0.15 secs]
2018-04-20T12:03:38.209+0800: 1055.443: [GC (Allocation Failure) 2018-04-20T12:03:38.209+0800: 1055.443: [ParNew: 4465631K->184974K(5242880K), 0.1087108 secs] 4581419K->301149K(7340032K), 0.1090444 secs] [Times: user=0.37 sys=0.00, real=0.11 secs]
2018-04-20T12:04:02.837+0800: 1080.071: [GC (Allocation Failure) 2018-04-20T12:04:02.837+0800: 1080.071: [ParNew: 4379278K->267701K(5242880K), 0.1380060 secs] 4495453K->384073K(7340032K), 0.1383010 secs] [Times: user=0.52 sys=0.00, real=0.13 secs]
2018-04-20T12:04:29.882+0800: 1107.117: [GC (Allocation Failure) 2018-04-20T12:04:29.882+0800: 1107.117: [ParNew: 4462005K->178723K(5242880K), 0.0931605 secs] 4578377K->295212K(7340032K), 0.0934442 secs] [Times: user=0.34 sys=0.00, real=0.10 secs]
2018-04-20T12:04:53.628+0800: 1130.862: [GC (Allocation Failure) 2018-04-20T12:04:53.628+0800: 1130.863: [ParNew: 4373027K->171755K(5242880K), 0.0882123 secs] 4489516K->288293K(7340032K), 0.0885089 secs] [Times: user=0.32 sys=0.00, real=0.09 secs]
2018-04-20T12:05:12.197+0800: 1149.432: [GC (Allocation Failure) 2018-04-20T12:05:12.198+0800: 1149.432: [ParNew: 4366059K->255164K(5242880K), 0.1410578 secs] 4482597K->372252K(7340032K), 0.1413549 secs] [Times: user=0.54 sys=0.00, real=0.14 secs]
2018-04-20T12:05:30.657+0800: 1167.891: [GC (Allocation Failure) 2018-04-20T12:05:30.657+0800: 1167.891: [ParNew: 4449468K->152066K(5242880K), 0.0796001 secs] 4566556K->269276K(7340032K), 0.0798614 secs] [Times: user=0.29 sys=0.01, real=0.08 secs]
2018-04-20T12:05:51.359+0800: 1188.593: [GC (Allocation Failure) 2018-04-20T12:05:51.359+0800: 1188.594: [ParNew: 4346370K->138339K(5242880K), 0.0869897 secs] 4463580K->255695K(7340032K), 0.0872715 secs] [Times: user=0.29 sys=0.00, real=0.09 secs]
2018-04-20T12:06:17.257+0800: 1214.492: [GC (Allocation Failure) 2018-04-20T12:06:17.257+0800: 1214.492: [ParNew: 4332643K->209835K(5242880K), 0.0925737 secs] 4449999K->327607K(7340032K), 0.0928825 secs] [Times: user=0.34 sys=0.00, real=0.09 secs]
2018-04-20T12:06:55.494+0800: 1252.728: [GC (Allocation Failure) 2018-04-20T12:06:55.494+0800: 1252.728: [ParNew: 4404139K->73308K(5242880K), 0.0603045 secs] 4521911K->191224K(7340032K), 0.0606043 secs] [Times: user=0.20 sys=0.00, real=0.06 secs]
2018-04-20T12:07:15.223+0800: 1272.457: [GC (Allocation Failure) 2018-04-20T12:07:15.223+0800: 1272.457: [ParNew: 4267612K->65580K(5242880K), 0.0405796 secs] 4385528K->183594K(7340032K), 0.0408462 secs] [Times: user=0.13 sys=0.00, real=0.04 secs]
2018-04-20T12:07:39.280+0800: 1296.514: [GC (Allocation Failure) 2018-04-20T12:07:39.280+0800: 1296.514: [ParNew: 4259884K->136258K(5242880K), 0.1094970 secs] 4377898K->254556K(7340032K), 0.1098034 secs] [Times: user=0.40 sys=0.00, real=0.11 secs]
2018-04-20T12:08:11.240+0800: 1328.474: [GC (Allocation Failure) 2018-04-20T12:08:11.240+0800: 1328.475: [ParNew: 4330562K->107635K(5242880K), 0.0421154 secs] 4448860K->226065K(7340032K), 0.0424044 secs] [Times: user=0.13 sys=0.00, real=0.04 secs]
2018-04-20T12:08:49.840+0800: 1367.075: [GC (Allocation Failure) 2018-04-20T12:08:49.841+0800: 1367.075: [ParNew: 4301939K->180258K(5242880K), 0.1343909 secs] 4420369K->298855K(7340032K), 0.1346859 secs] [Times: user=0.49 sys=0.00, real=0.13 secs]
2018-04-20T12:09:33.897+0800: 1411.131: [GC (Allocation Failure) 2018-04-20T12:09:33.897+0800: 1411.131: [ParNew: 4374562K->120370K(5242880K), 0.0340269 secs] 4493159K->239082K(7340032K), 0.0343132 secs] [Times: user=0.10 sys=0.01, real=0.03 secs]
2018-04-20T12:10:02.804+0800: 1440.038: [GC (Allocation Failure) 2018-04-20T12:10:02.804+0800: 1440.038: [ParNew: 4314541K->128149K(5242880K), 0.0952111 secs] 4433253K->246975K(7340032K), 0.0955287 secs] [Times: user=0.34 sys=0.00, real=0.10 secs]
2018-04-20T12:10:31.581+0800: 1468.815: [GC (Allocation Failure) 2018-04-20T12:10:31.581+0800: 1468.815: [ParNew: 4322453K->337320K(5242880K), 0.2134426 secs] 4441279K->456378K(7340032K), 0.2137353 secs] [Times: user=0.81 sys=0.00, real=0.21 secs]
2018-04-20T12:11:05.623+0800: 1502.857: [GC (Allocation Failure) 2018-04-20T12:11:05.623+0800: 1502.858: [ParNew: 4531624K->285366K(5242880K), 0.1221609 secs] 4650682K->404523K(7340032K), 0.1224674 secs] [Times: user=0.47 sys=0.00, real=0.13 secs]
2018-04-20T12:11:41.475+0800: 1538.709: [GC (Allocation Failure) 2018-04-20T12:11:41.475+0800: 1538.709: [ParNew: 4478399K->173230K(5242880K), 0.0951203 secs] 4597556K->292650K(7340032K), 0.0954683 secs] [Times: user=0.35 sys=0.00, real=0.10 secs]
2018-04-20T12:12:11.924+0800: 1569.158: [GC (Allocation Failure) 2018-04-20T12:12:11.924+0800: 1569.159: [ParNew: 4367534K->229015K(5242880K), 0.1498651 secs] 4486954K->348549K(7340032K), 0.1501520 secs] [Times: user=0.57 sys=0.00, real=0.15 secs]
2018-04-20T12:12:42.678+0800: 1599.912: [GC (Allocation Failure) 2018-04-20T12:12:42.678+0800: 1599.912: [ParNew: 4423319K->171261K(5242880K), 0.0762864 secs] 4542853K->291091K(7340032K), 0.0765721 secs] [Times: user=0.28 sys=0.00, real=0.07 secs]
2018-04-20T12:13:23.469+0800: 1640.703: [GC (Allocation Failure) 2018-04-20T12:13:23.469+0800: 1640.703: [ParNew: 4365565K->115382K(5242880K), 0.0899488 secs] 4485395K->235331K(7340032K), 0.0902349 secs] [Times: user=0.28 sys=0.00, real=0.09 secs]
2018-04-20T12:13:46.678+0800: 1663.913: [GC (Allocation Failure) 2018-04-20T12:13:46.678+0800: 1663.913: [ParNew: 4309686K->228810K(5242880K), 0.1333349 secs] 4429635K->349049K(7340032K), 0.1336298 secs] [Times: user=0.50 sys=0.00, real=0.13 secs]
2018-04-20T12:14:17.954+0800: 1695.188: [GC (Allocation Failure) 2018-04-20T12:14:17.954+0800: 1695.188: [ParNew: 4423114K->162223K(5242880K), 0.0302502 secs] 4543353K->282867K(7340032K), 0.0305671 secs] [Times: user=0.08 sys=0.00, real=0.03 secs]
2018-04-20T12:14:54.023+0800: 1731.257: [GC (Allocation Failure) 2018-04-20T12:14:54.023+0800: 1731.257: [ParNew: 4356527K->79155K(5242880K), 0.0578333 secs] 4477171K->199914K(7340032K), 0.0581990 secs] [Times: user=0.17 sys=0.01, real=0.06 secs]
2018-04-20T12:15:19.148+0800: 1756.383: [GC (Allocation Failure) 2018-04-20T12:15:19.149+0800: 1756.383: [ParNew: 4273459K->108337K(5242880K), 0.0842536 secs] 4394218K->229176K(7340032K), 0.0845413 secs] [Times: user=0.31 sys=0.00, real=0.08 secs]
2018-04-20T12:15:49.302+0800: 1786.536: [GC (Allocation Failure) 2018-04-20T12:15:49.302+0800: 1786.536: [ParNew: 4302641K->163276K(5242880K), 0.1151999 secs] 4423480K->284203K(7340032K), 0.1155028 secs] [Times: user=0.43 sys=0.00, real=0.12 secs]
2018-04-20T12:16:07.187+0800: 1804.421: [GC (Allocation Failure) 2018-04-20T12:16:07.187+0800: 1804.422: [ParNew: 4357580K->154677K(5242880K), 0.0851446 secs] 4478507K->275858K(7340032K), 0.0854253 secs] [Times: user=0.30 sys=0.00, real=0.08 secs]
2018-04-20T12:16:23.823+0800: 1821.057: [GC (Allocation Failure) 2018-04-20T12:16:23.823+0800: 1821.057: [ParNew: 4331265K->190482K(5242880K), 0.0918216 secs] 4452446K->311796K(7340032K), 0.0920945 secs] [Times: user=0.34 sys=0.00, real=0.09 secs]
2018-04-20T12:16:43.336+0800: 1840.570: [GC (Allocation Failure) 2018-04-20T12:16:43.336+0800: 1840.571: [ParNew: 4384786K->190389K(5242880K), 0.1060327 secs] 4506100K->311860K(7340032K), 0.1063644 secs] [Times: user=0.39 sys=0.00, real=0.10 secs]
2018-04-20T12:17:13.947+0800: 1871.182: [GC (Allocation Failure) 2018-04-20T12:17:13.948+0800: 1871.182: [ParNew: 4384693K->251028K(5242880K), 0.1201866 secs] 4506164K->372809K(7340032K), 0.1204796 secs] [Times: user=0.45 sys=0.00, real=0.12 secs]
2018-04-20T12:17:38.212+0800: 1895.446: [GC (Allocation Failure) 2018-04-20T12:17:38.212+0800: 1895.446: [ParNew: 4445332K->419772K(5242880K), 0.2443038 secs] 4567113K->541674K(7340032K), 0.2445696 secs] [Times: user=0.79 sys=0.00, real=0.25 secs]
2018-04-20T12:18:10.903+0800: 1928.137: [GC (Allocation Failure) 2018-04-20T12:18:10.903+0800: 1928.138: [ParNew: 4614076K->269129K(5242880K), 0.1098709 secs] 4735978K->391073K(7340032K), 0.1101710 secs] [Times: user=0.39 sys=0.00, real=0.11 secs]
2018-04-20T12:18:33.210+0800: 1950.445: [GC (Allocation Failure) 2018-04-20T12:18:33.211+0800: 1950.445: [ParNew: 4463433K->171569K(5242880K), 0.1023091 secs] 4585377K->293612K(7340032K), 0.1026545 secs] [Times: user=0.37 sys=0.00, real=0.10 secs]
2018-04-20T12:19:20.865+0800: 1998.099: [GC (Allocation Failure) 2018-04-20T12:19:20.865+0800: 1998.099: [ParNew: 4365873K->239630K(5242880K), 0.1101581 secs] 4487916K->361977K(7340032K), 0.1104422 secs] [Times: user=0.41 sys=0.00, real=0.12 secs]
2018-04-20T12:19:54.926+0800: 2032.161: [GC (Allocation Failure) 2018-04-20T12:19:54.926+0800: 2032.161: [ParNew: 4433934K->281440K(5242880K), 0.1326788 secs] 4556281K->404012K(7340032K), 0.1330338 secs] [Times: user=0.49 sys=0.00, real=0.13 secs]
2018-04-20T12:20:25.157+0800: 2062.391: [GC (Allocation Failure) 2018-04-20T12:20:25.157+0800: 2062.391: [ParNew: 4475653K->207689K(5242880K), 0.1067693 secs] 4598225K->330558K(7340032K), 0.1070713 secs] [Times: user=0.38 sys=0.00, real=0.10 secs]
2018-04-20T12:20:56.436+0800: 2093.671: [GC (Allocation Failure) 2018-04-20T12:20:56.436+0800: 2093.671: [ParNew: 4401993K->294743K(5242880K), 0.1845930 secs] 4524862K->417633K(7340032K), 0.1849163 secs] [Times: user=0.70 sys=0.00, real=0.18 secs]
2018-04-20T12:21:30.315+0800: 2127.549: [GC (Allocation Failure) 2018-04-20T12:21:30.315+0800: 2127.549: [ParNew: 4489047K->183192K(5242880K), 0.0678977 secs] 4611937K->306186K(7340032K), 0.0682278 secs] [Times: user=0.24 sys=0.00, real=0.07 secs]
2018-04-20T12:22:05.641+0800: 2162.875: [GC (Allocation Failure) 2018-04-20T12:22:05.641+0800: 2162.876: [ParNew: 4377496K->153136K(5242880K), 0.0885664 secs] 4500490K->276428K(7340032K), 0.0888513 secs] [Times: user=0.33 sys=0.00, real=0.09 secs]
2018-04-20T12:22:42.166+0800: 2199.400: [GC (Allocation Failure) 2018-04-20T12:22:42.166+0800: 2199.400: [ParNew: 4347440K->105719K(5242880K), 0.0557317 secs] 4470732K->229289K(7340032K), 0.0560328 secs] [Times: user=0.17 sys=0.01, real=0.05 secs]
2018-04-20T12:23:11.066+0800: 2228.301: [GC (Allocation Failure) 2018-04-20T12:23:11.066+0800: 2228.301: [ParNew: 4300023K->92294K(5242880K), 0.0570797 secs] 4423593K->216156K(7340032K), 0.0573940 secs] [Times: user=0.18 sys=0.00, real=0.05 secs]
2018-04-20T12:23:42.194+0800: 2259.428: [GC (Allocation Failure) 2018-04-20T12:23:42.194+0800: 2259.428: [ParNew: 4286598K->123925K(5242880K), 0.0912716 secs] 4410460K->247895K(7340032K), 0.0915748 secs] [Times: user=0.33 sys=0.00, real=0.10 secs]
2018-04-20T12:24:12.502+0800: 2289.736: [GC (Allocation Failure) 2018-04-20T12:24:12.502+0800: 2289.736: [ParNew: 4318229K->170083K(5242880K), 0.1048459 secs] 4442199K->294226K(7340032K), 0.1051370 secs] [Times: user=0.38 sys=0.00, real=0.11 secs]
2018-04-20T12:24:39.864+0800: 2317.099: [GC (Allocation Failure) 2018-04-20T12:24:39.864+0800: 2317.099: [ParNew: 4364387K->117468K(5242880K), 0.0771241 secs] 4488530K->241710K(7340032K), 0.0773907 secs] [Times: user=0.28 sys=0.00, real=0.08 secs]
2018-04-20T12:25:15.526+0800: 2352.760: [GC (Allocation Failure) 2018-04-20T12:25:15.526+0800: 2352.760: [ParNew: 4311772K->101805K(5242880K), 0.0515788 secs] 4436014K->226095K(7340032K), 0.0518817 secs] [Times: user=0.17 sys=0.01, real=0.05 secs]
2018-04-20T12:25:43.282+0800: 2380.516: [GC (Allocation Failure) 2018-04-20T12:25:43.282+0800: 2380.516: [ParNew: 4296109K->69965K(5242880K), 0.0850748 secs] 4420399K->194329K(7340032K), 0.0854347 secs] [Times: user=0.24 sys=0.00, real=0.09 secs]
2018-04-20T12:26:36.440+0800: 2433.674: [GC (Allocation Failure) 2018-04-20T12:26:36.440+0800: 2433.674: [ParNew: 4264267K->152485K(5242880K), 0.0996563 secs] 4388631K->277218K(7340032K), 0.0999663 secs] [Times: user=0.36 sys=0.00, real=0.10 secs]
2018-04-20T12:27:14.256+0800: 2471.491: [GC (Allocation Failure) 2018-04-20T12:27:14.257+0800: 2471.491: [ParNew: 4346789K->153073K(5242880K), 0.0845408 secs] 4471522K->278242K(7340032K), 0.0849633 secs] [Times: user=0.29 sys=0.00, real=0.08 secs]
2018-04-20T12:27:39.498+0800: 2496.732: [GC (Allocation Failure) 2018-04-20T12:27:39.498+0800: 2496.732: [ParNew: 4347377K->196910K(5242880K), 0.1354916 secs] 4472546K->322335K(7340032K), 0.1357797 secs] [Times: user=0.51 sys=0.00, real=0.13 secs]
2018-04-20T12:28:01.405+0800: 2518.639: [GC (Allocation Failure) 2018-04-20T12:28:01.405+0800: 2518.639: [ParNew: 4391214K->264943K(5242880K), 0.1491358 secs] 4516639K->390499K(7340032K), 0.1494288 secs] [Times: user=0.49 sys=0.00, real=0.15 secs]
2018-04-20T12:28:37.342+0800: 2554.577: [GC (Allocation Failure) 2018-04-20T12:28:37.343+0800: 2554.577: [ParNew: 4459247K->328968K(5242880K), 0.1521287 secs] 4584803K->454628K(7340032K), 0.1524297 secs] [Times: user=0.57 sys=0.00, real=0.15 secs]
2018-04-20T12:29:14.865+0800: 2592.099: [GC (Allocation Failure) 2018-04-20T12:29:14.866+0800: 2592.100: [ParNew: 4523272K->332364K(5242880K), 0.1595029 secs] 4648932K->458458K(7340032K), 0.1601036 secs] [Times: user=0.60 sys=0.01, real=0.16 secs]
2018-04-20T12:29:41.797+0800: 2619.031: [GC (Allocation Failure) 2018-04-20T12:29:41.797+0800: 2619.031: [ParNew: 4526668K->203699K(5242880K), 0.1063050 secs] 4652762K->329922K(7340032K), 0.1065827 secs] [Times: user=0.40 sys=0.00, real=0.10 secs]
2018-04-20T12:30:25.154+0800: 2662.388: [GC (Allocation Failure) 2018-04-20T12:30:25.154+0800: 2662.388: [ParNew: 4398003K->318044K(5242880K), 0.1823770 secs] 4524226K->444297K(7340032K), 0.1828301 secs] [Times: user=0.68 sys=0.00, real=0.19 secs]
2018-04-20T12:30:52.002+0800: 2689.236: [GC (Allocation Failure) 2018-04-20T12:30:52.002+0800: 2689.236: [ParNew: 4512348K->213856K(5242880K), 0.1218947 secs] 4638601K->340399K(7340032K), 0.1221914 secs] [Times: user=0.45 sys=0.00, real=0.12 secs]
2018-04-20T12:31:17.831+0800: 2715.065: [GC (Allocation Failure) 2018-04-20T12:31:17.831+0800: 2715.065: [ParNew: 4408160K->178858K(5242880K), 0.0770391 secs] 4534703K->305435K(7340032K), 0.0773346 secs] [Times: user=0.27 sys=0.00, real=0.08 secs]
2018-04-20T12:31:44.552+0800: 2741.787: [GC (Allocation Failure) 2018-04-20T12:31:44.553+0800: 2741.787: [ParNew: 4373162K->160793K(5242880K), 0.1039933 secs] 4499739K->287506K(7340032K), 0.1043021 secs] [Times: user=0.40 sys=0.00, real=0.11 secs]
2018-04-20T12:32:10.704+0800: 2767.938: [GC (Allocation Failure) 2018-04-20T12:32:10.704+0800: 2767.939: [ParNew: 4355097K->404382K(5242880K), 0.2368512 secs] 4481810K->531431K(7340032K), 0.2371469 secs] [Times: user=0.92 sys=0.01, real=0.24 secs]
2018-04-20T12:32:36.406+0800: 2793.641: [GC (Allocation Failure) 2018-04-20T12:32:36.407+0800: 2793.641: [ParNew: 4598686K->276758K(5242880K), 0.0760325 secs] 4725735K->403927K(7340032K), 0.0763139 secs] [Times: user=0.27 sys=0.00, real=0.07 secs]
2018-04-20T12:33:02.047+0800: 2819.281: [GC (Allocation Failure) 2018-04-20T12:33:02.047+0800: 2819.282: [ParNew: 4471062K->259473K(5242880K), 0.1731172 secs] 4598231K->386807K(7340032K), 0.1734094 secs] [Times: user=0.59 sys=0.00, real=0.17 secs]
2018-04-20T12:33:41.959+0800: 2859.193: [GC (Allocation Failure) 2018-04-20T12:33:41.959+0800: 2859.193: [ParNew: 4452092K->167173K(5242880K), 0.0771424 secs] 4579427K->294591K(7340032K), 0.0774389 secs] [Times: user=0.27 sys=0.01, real=0.08 secs]
2018-04-20T12:34:20.927+0800: 2898.162: [GC (Allocation Failure) 2018-04-20T12:34:20.928+0800: 2898.162: [ParNew: 4361477K->150141K(5242880K), 0.0846102 secs] 4488895K->277826K(7340032K), 0.0849433 secs] [Times: user=0.31 sys=0.01, real=0.08 secs]
2018-04-20T12:34:55.517+0800: 2932.751: [GC (Allocation Failure) 2018-04-20T12:34:55.517+0800: 2932.751: [ParNew: 4344445K->172293K(5242880K), 0.0835828 secs] 4472130K->300059K(7340032K), 0.0838747 secs] [Times: user=0.30 sys=0.00, real=0.08 secs]
2018-04-20T12:35:23.978+0800: 2961.212: [GC (Allocation Failure) 2018-04-20T12:35:23.978+0800: 2961.212: [ParNew: 4363847K->112003K(5242880K), 0.0740670 secs] 4491612K->239869K(7340032K), 0.0743681 secs] [Times: user=0.26 sys=0.00, real=0.07 secs]
2018-04-20T12:35:45.604+0800: 2982.838: [GC (Allocation Failure) 2018-04-20T12:35:45.604+0800: 2982.838: [ParNew: 4306307K->92645K(5242880K), 0.0366535 secs] 4434173K->220571K(7340032K), 0.0369642 secs] [Times: user=0.12 sys=0.00, real=0.04 secs]
2018-04-20T12:36:11.734+0800: 3008.968: [GC (Allocation Failure) 2018-04-20T12:36:11.734+0800: 3008.969: [ParNew: 4286949K->103269K(5242880K), 0.0750008 secs] 4414875K->231235K(7340032K), 0.0753387 secs] [Times: user=0.27 sys=0.00, real=0.08 secs]
2018-04-20T12:36:50.033+0800: 3047.268: [GC (Allocation Failure) 2018-04-20T12:36:50.034+0800: 3047.268: [ParNew: 4297573K->135809K(5242880K), 0.0895245 secs] 4425539K->264129K(7340032K), 0.0898194 secs] [Times: user=0.31 sys=0.00, real=0.09 secs]
2018-04-20T12:37:29.680+0800: 3086.914: [GC (Allocation Failure) 2018-04-20T12:37:29.680+0800: 3086.914: [ParNew: 4330113K->163558K(5242880K), 0.1078883 secs] 4458433K->291934K(7340032K), 0.1082695 secs] [Times: user=0.38 sys=0.00, real=0.11 secs]
2018-04-20T12:38:13.106+0800: 3130.340: [GC (Allocation Failure) 2018-04-20T12:38:13.106+0800: 3130.340: [ParNew: 4357862K->105030K(5242880K), 0.0373185 secs] 4486238K->233924K(7340032K), 0.0376503 secs] [Times: user=0.11 sys=0.00, real=0.03 secs]
2018-04-20T12:38:37.362+0800: 3154.596: [GC (Allocation Failure) 2018-04-20T12:38:37.362+0800: 3154.596: [ParNew: 4299334K->161268K(5242880K), 0.1207963 secs] 4428228K->290272K(7340032K), 0.1210983 secs] [Times: user=0.45 sys=0.00, real=0.12 secs]
2018-04-20T12:39:05.635+0800: 3182.869: [GC (Allocation Failure) 2018-04-20T12:39:05.635+0800: 3182.869: [ParNew: 4355572K->219030K(5242880K), 0.1349689 secs] 4484576K->348074K(7340032K), 0.1352914 secs] [Times: user=0.51 sys=0.00, real=0.14 secs]
2018-04-20T12:39:42.275+0800: 3219.509: [GC (Allocation Failure) 2018-04-20T12:39:42.275+0800: 3219.509: [ParNew: 4413334K->290251K(5242880K), 0.1261269 secs] 4542378K->419307K(7340032K), 0.1265056 secs] [Times: user=0.47 sys=0.00, real=0.13 secs]
2018-04-20T12:40:12.450+0800: 3249.684: [GC (Allocation Failure) 2018-04-20T12:40:12.450+0800: 3249.684: [ParNew: 4484555K->270710K(5242880K), 0.1663776 secs] 4613611K->399801K(7340032K), 0.1666483 secs] [Times: user=0.64 sys=0.00, real=0.17 secs]
2018-04-20T12:40:37.065+0800: 3274.299: [GC (Allocation Failure) 2018-04-20T12:40:37.065+0800: 3274.299: [ParNew: 4465014K->185271K(5242880K), 0.1033300 secs] 4594105K->314485K(7340032K), 0.1036246 secs] [Times: user=0.38 sys=0.00, real=0.11 secs]
2018-04-20T12:41:02.867+0800: 3300.102: [GC (Allocation Failure) 2018-04-20T12:41:02.867+0800: 3300.102: [ParNew: 4379575K->142570K(5242880K), 0.0753515 secs] 4508789K->271813K(7340032K), 0.0756330 secs] [Times: user=0.26 sys=0.01, real=0.07 secs]
2018-04-20T12:41:45.203+0800: 3342.438: [GC (Allocation Failure) 2018-04-20T12:41:45.204+0800: 3342.438: [ParNew: 4336874K->130861K(5242880K), 0.0772472 secs] 4466117K->260237K(7340032K), 0.0775213 secs] [Times: user=0.25 sys=0.00, real=0.08 secs]
2018-04-20T12:42:06.831+0800: 3364.066: [GC (Allocation Failure) 2018-04-20T12:42:06.831+0800: 3364.066: [ParNew: 4325165K->276373K(5242880K), 0.1798878 secs] 4454541K->405915K(7340032K), 0.1801709 secs] [Times: user=0.68 sys=0.00, real=0.18 secs]


// 正常cms log
2018-04-23T02:22:54.609+0800: 225411.844: [GC (CMS Initial Mark) [1 CMS-initial-mark: 1815727K(2097152K)] 2426460K(7340032K), 0.1136457 secs] [Times: user=0.38 sys=0.01, real=0.11 secs]
2018-04-23T02:22:54.723+0800: 225411.958: [CMS-concurrent-mark-start]
2018-04-23T02:22:55.236+0800: 225412.470: [CMS-concurrent-mark: 0.495/0.512 secs] [Times: user=1.70 sys=0.06, real=0.52 secs]
2018-04-23T02:22:55.236+0800: 225412.470: [CMS-concurrent-preclean-start]
2018-04-23T02:22:55.246+0800: 225412.480: [CMS-concurrent-preclean: 0.008/0.009 secs] [Times: user=0.03 sys=0.00, real=0.01 secs]
2018-04-23T02:22:55.246+0800: 225412.480: [CMS-concurrent-abortable-preclean-start]
2018-04-23T02:22:55.246+0800: 225412.480: [CMS-concurrent-abortable-preclean: 0.000/0.000 secs] [Times: user=0.00 sys=0.00, real=0.00 secs]
2018-04-23T02:22:55.248+0800: 225412.483: [GC (CMS Final Remark) [YG occupancy: 923389 K (5242880 K)]2018-04-23T02:22:55.248+0800: 225412.483: [Rescan (parallel) , 0.1816314 secs]2018-04-23T02:22:55.430+0800: 225412.664: [weak refs processing, 0.0096429 secs]2018-04-23T02:22:55.440+0800: 225412.674: [class unloading, 0.1149430 secs]2018-04-23T02:22:55.555+0800: 225412.789: [scrub symbol table, 0.0100393 secs]2018-04-23T02:22:55.565+0800: 225412.799: [scrub string table, 0.0025445 secs][1 CMS-remark: 1815727K(2097152K)] 2739116K(7340032K), 0.3459856 secs] [Times: user=0.87 sys=0.01, real=0.34 secs]
2018-04-23T02:22:55.611+0800: 225412.845: [CMS-concurrent-sweep-start]
2018-04-23T02:22:56.039+0800: 225413.274: [CMS-concurrent-sweep: 0.374/0.429 secs] [Times: user=1.50 sys=0.04, real=0.43 secs]
2018-04-23T02:22:56.040+0800: 225413.274: [CMS-concurrent-reset-start]
2018-04-23T02:22:56.045+0800: 225413.279: [CMS-concurrent-reset: 0.005/0.005 secs] [Times: user=0.02 sys=0.00, real=0.00 secs]
```
# g1日志
```json
2018-05-19T14:54:29.930+0800: 181748.799: [GC pause (G1 Evacuation Pause) (young), 0.2280865 secs]
   [Parallel Time: 206.5 ms, GC Workers: 4]
      [GC Worker Start (ms): Min: 181748799.6, Avg: 181748799.8, Max: 181748800.2, Diff: 0.6]
      [Ext Root Scanning (ms): Min: 4.7, Avg: 6.4, Max: 10.4, Diff: 5.7, Sum: 25.7]
      [Update RS (ms): Min: 92.5, Avg: 95.9, Max: 97.4, Diff: 4.8, Sum: 383.6]
         [Processed Buffers: Min: 483, Avg: 922.8, Max: 1157, Diff: 674, Sum: 3691]
      [Scan RS (ms): Min: 0.8, Avg: 0.8, Max: 0.8, Diff: 0.1, Sum: 3.2]
      [Code Root Scanning (ms): Min: 0.4, Avg: 0.4, Max: 0.4, Diff: 0.0, Sum: 1.6]
      [Object Copy (ms): Min: 99.5, Avg: 100.2, Max: 101.3, Diff: 1.8, Sum: 401.0]
      [Termination (ms): Min: 0.0, Avg: 1.6, Max: 2.7, Diff: 2.7, Sum: 6.4]
         [Termination Attempts: Min: 1, Avg: 1.0, Max: 1, Diff: 0, Sum: 4]
      [GC Worker Other (ms): Min: 0.0, Avg: 0.0, Max: 0.0, Diff: 0.0, Sum: 0.1]
      [GC Worker Total (ms): Min: 204.5, Avg: 205.4, Max: 206.3, Diff: 1.9, Sum: 821.8]
      [GC Worker End (ms): Min: 181749004.7, Avg: 181749005.3, Max: 181749006.0, Diff: 1.3]
   [Code Root Fixup: 0.5 ms]
   [Code Root Purge: 0.0 ms]
   [Clear CT: 0.8 ms]
   [Other: 20.3 ms]
      [Choose CSet: 0.0 ms]
      [Ref Proc: 16.6 ms]
      [Ref Enq: 0.2 ms]
      [Redirty Cards: 0.2 ms]
      [Humongous Register: 0.2 ms]
      [Humongous Reclaim: 0.6 ms]
      [Free CSet: 1.7 ms]
   [Eden: 4836.0M(4836.0M)->0.0B(4768.0M) Survivors: 76.0M->144.0M Heap: 5973.0M(8192.0M)->768.7M(8192.0M)]
 [Times: user=0.69 sys=0.01, real=0.23 secs]
2018-05-19T14:54:57.248+0800: 181776.117: [GC pause (G1 Evacuation Pause) (young), 0.1199877 secs]
   [Parallel Time: 104.5 ms, GC Workers: 4]
      [GC Worker Start (ms): Min: 181776117.1, Avg: 181776117.1, Max: 181776117.2, Diff: 0.1]
      [Ext Root Scanning (ms): Min: 2.9, Avg: 3.1, Max: 3.2, Diff: 0.3, Sum: 12.3]
      [Update RS (ms): Min: 42.2, Avg: 42.3, Max: 42.3, Diff: 0.1, Sum: 169.1]
         [Processed Buffers: Min: 482, Avg: 493.2, Max: 506, Diff: 24, Sum: 1973]
      [Scan RS (ms): Min: 0.7, Avg: 0.8, Max: 0.9, Diff: 0.2, Sum: 3.3]
      [Code Root Scanning (ms): Min: 0.4, Avg: 0.4, Max: 0.4, Diff: 0.1, Sum: 1.6]
      [Object Copy (ms): Min: 57.5, Avg: 57.7, Max: 57.8, Diff: 0.3, Sum: 230.6]
      [Termination (ms): Min: 0.0, Avg: 0.0, Max: 0.0, Diff: 0.0, Sum: 0.0]
         [Termination Attempts: Min: 1, Avg: 1.0, Max: 1, Diff: 0, Sum: 4]
      [GC Worker Other (ms): Min: 0.1, Avg: 0.1, Max: 0.1, Diff: 0.1, Sum: 0.4]
      [GC Worker Total (ms): Min: 104.3, Avg: 104.4, Max: 104.4, Diff: 0.1, Sum: 417.4]
      [GC Worker End (ms): Min: 181776221.5, Avg: 181776221.5, Max: 181776221.5, Diff: 0.1]
   [Code Root Fixup: 0.5 ms]
   [Code Root Purge: 0.0 ms]
   [Clear CT: 0.6 ms]
   [Other: 14.3 ms]
      [Choose CSet: 0.0 ms]
      [Ref Proc: 11.1 ms]
      [Ref Enq: 0.1 ms]
      [Redirty Cards: 0.1 ms]
      [Humongous Register: 0.2 ms]
      [Humongous Reclaim: 0.3 ms]
      [Free CSet: 1.7 ms]
   [Eden: 4768.0M(4768.0M)->0.0B(4820.0M) Survivors: 144.0M->92.0M Heap: 5758.2M(8192.0M)->718.8M(8192.0M)]
 [Times: user=0.42 sys=0.00, real=0.12 secs]
2018-05-19T14:55:13.434+0800: 181792.302: [GC pause (G1 Evacuation Pause) (young), 0.0821037 secs]
   [Parallel Time: 69.0 ms, GC Workers: 4]
      [GC Worker Start (ms): Min: 181792302.8, Avg: 181792302.8, Max: 181792302.9, Diff: 0.1]
      [Ext Root Scanning (ms): Min: 5.7, Avg: 6.1, Max: 6.5, Diff: 0.7, Sum: 24.6]
      [Update RS (ms): Min: 26.6, Avg: 26.7, Max: 26.7, Diff: 0.1, Sum: 106.7]
         [Processed Buffers: Min: 310, Avg: 326.2, Max: 343, Diff: 33, Sum: 1305]
      [Scan RS (ms): Min: 0.8, Avg: 0.8, Max: 0.8, Diff: 0.1, Sum: 3.1]
      [Code Root Scanning (ms): Min: 0.4, Avg: 0.4, Max: 0.4, Diff: 0.1, Sum: 1.7]
      [Object Copy (ms): Min: 34.4, Avg: 34.7, Max: 35.0, Diff: 0.6, Sum: 138.7]
      [Termination (ms): Min: 0.0, Avg: 0.0, Max: 0.0, Diff: 0.0, Sum: 0.0]
         [Termination Attempts: Min: 1, Avg: 1.0, Max: 1, Diff: 0, Sum: 4]
      [GC Worker Other (ms): Min: 0.1, Avg: 0.1, Max: 0.1, Diff: 0.1, Sum: 0.4]
      [GC Worker Total (ms): Min: 68.8, Avg: 68.8, Max: 68.8, Diff: 0.0, Sum: 275.1]
      [GC Worker End (ms): Min: 181792371.6, Avg: 181792371.6, Max: 181792371.6, Diff: 0.1]
   [Code Root Fixup: 0.5 ms]
   [Code Root Purge: 0.0 ms]
   [Clear CT: 0.6 ms]
   [Other: 12.0 ms]
      [Choose CSet: 0.0 ms]
      [Ref Proc: 9.0 ms]
      [Ref Enq: 0.0 ms]
      [Redirty Cards: 0.2 ms]
      [Humongous Register: 0.2 ms]
      [Humongous Reclaim: 0.2 ms]
      [Free CSet: 1.6 ms]
   [Eden: 4820.0M(4820.0M)->0.0B(4852.0M) Survivors: 92.0M->60.0M Heap: 5678.8M(8192.0M)->686.9M(8192.0M)]
 [Times: user=0.28 sys=0.01, real=0.08 secs]
2018-05-19T14:55:42.260+0800: 181821.129: [GC pause (G1 Evacuation Pause) (young), 0.1619036 secs]
   [Parallel Time: 141.3 ms, GC Workers: 4]
      [GC Worker Start (ms): Min: 181821129.4, Avg: 181821129.5, Max: 181821129.5, Diff: 0.1]
      [Ext Root Scanning (ms): Min: 2.9, Avg: 3.1, Max: 3.3, Diff: 0.4, Sum: 12.6]
      [Update RS (ms): Min: 41.9, Avg: 41.9, Max: 42.0, Diff: 0.1, Sum: 167.8]
         [Processed Buffers: Min: 469, Avg: 506.0, Max: 533, Diff: 64, Sum: 2024]
      [Scan RS (ms): Min: 0.7, Avg: 0.8, Max: 0.8, Diff: 0.1, Sum: 3.2]
      [Code Root Scanning (ms): Min: 0.4, Avg: 0.4, Max: 0.4, Diff: 0.0, Sum: 1.6]
      [Object Copy (ms): Min: 94.5, Avg: 94.7, Max: 94.8, Diff: 0.3, Sum: 378.6]
      [Termination (ms): Min: 0.0, Avg: 0.0, Max: 0.0, Diff: 0.0, Sum: 0.0]
         [Termination Attempts: Min: 1, Avg: 1.0, Max: 1, Diff: 0, Sum: 4]
      [GC Worker Other (ms): Min: 0.0, Avg: 0.1, Max: 0.1, Diff: 0.1, Sum: 0.3]
      [GC Worker Total (ms): Min: 141.0, Avg: 141.0, Max: 141.1, Diff: 0.1, Sum: 564.1]
      [GC Worker End (ms): Min: 181821270.4, Avg: 181821270.5, Max: 181821270.5, Diff: 0.1]
   [Code Root Fixup: 0.5 ms]
   [Code Root Purge: 0.0 ms]
   [Clear CT: 0.7 ms]
   [Other: 19.4 ms]
      [Choose CSet: 0.0 ms]
      [Ref Proc: 16.2 ms]
      [Ref Enq: 0.2 ms]
      [Redirty Cards: 0.1 ms]
      [Humongous Register: 0.2 ms]
      [Humongous Reclaim: 0.3 ms]
      [Free CSet: 1.6 ms]
   [Eden: 4852.0M(4852.0M)->0.0B(4756.0M) Survivors: 60.0M->156.0M Heap: 5766.5M(8192.0M)->786.9M(8192.0M)]
 [Times: user=0.57 sys=0.01, real=0.16 secs]
 ```